# Testing 0-add_integer

>>> add_integer = __import__('0-add_integer').add_integer

# positive Test
>>> add_integer(9, 10)
19

# casting Test
>>> add_integer(6.9, 2.1)
8

# check type Test
>>> add_integer("word", 8)
TypeError: a must be an integer

# check type Test 2
>>> add_integer(8, "word")
TypeError: b must be an integer