# Testing 0-add_integer

>>> add_integer = __import__('0-add_integer').add_integer

# positive Test
>>> add_integer(9, 10)
19

# negative Test
>>> add_integer(65, -5)
60

# one integer Test
>>> add_integer(6)
104

# float Test
>>> add_integer(1.5, 3)
4

# casting  Test
>>> add_integer(1.9, 0.3)
1

# Check type Test
>>> add_integer("word", 9)
Traceback (most recent call last)
    ...
TypeError: a must be an integer
