# Testing 2-matrix_divided

>>> matrix_divided = __import__('2-matrix_divided').matrix_divided

# positive Test
>>> matrix_divided([[1, 1, 1], [3, 5, 1], [2, 4, 6]], 1)
[[1.0, 1.0, 1.0], [3.0, 5.0, 1.0], [2.0, 4.0, 6.0]]

# string Test
>>> matrix_divided("word", 1)
Traceback (most recent call last):
    ...
TypeError: matrix must be a matrix (list of lists) of integers/floats

# string Test two
>>> matrix_divided([[1, 1, 1], [1, 5, 7], [5, 5, 5]], "word")
Traceback (most recent call last):
    ...
TypeError: div must be a number

# zero Test
>>> matrix_divided([[1, 1, 1], [3, 5, 7], [1, 9, 3]], 0)
Traceback (most recent call last):
    ...
TypeError: division by zero
