# Testing 3-say_my_name

>>> say_my_name = __import__('3-say_my_name').say_my_name

# both string Test
>>> say_my_name("first", "last")
My name is first last

# one string Test
>>> say_my_name("first", 3)
Traceback (most recent call last):
    ...
TypeError: last_name must be a string

# one string Test two
>>> say_my_name(3, "last")
Traceback (most recent call last):
    ...
TypeError: first_name must be a string


# no string Test
>>> say_my_name(3, 3)
Traceback: (most recent call last):
    ...
TypeError: first_name must be a string
