# Testing 4-print_square

>>> print_square = __import__('4-print_square').print_square

# normal Test
>>> print_square(3)
###
###
###

# no integer Test
>>> print_square("a")
Traceback (most recent call last):
    ...
TypeError: size must be an integer

# negative Test
>>> print_square(-1)
Traceback (most recent call last):
    ...
ValueError: size must be >= 0

# missing integer
>>> print_square()
Traceback (most recent call last):
    ...
TypeError: print_square() missing 1 required positional argument: 'size'
