# Testing 5-text_indentation

>>> text_indentation = __import__('5-text_indentation').text_indentation

# normal Test
>>> text_indentation("A word")
A word

# no string Test
>>> text_indentation(3)
Traceback (most recent call last):
    ...
TypeError: text must be a string

# line Test
>>> text_indentation("My name is.")
My name is.
<BLANKLINE>

# missing string Test
>>> text_indentation()
Traceback (most recent call last)
    ...
TypeError: text_indentation() missing 1 required positional argument: 'text'
