>>> BaseGeometry = __import__('7-base_geometry').BaseGeometry

>>> base_geo = BaseGeometry()
>>> base_geo.integer_validator("word", 10)

>>> base_geo.integer_validator("size", 2.3)
Traceback (most recent call last):
    ...
TypeError: size must be an integer

>>> base_geo.integer_validator("length", "word")
Traceback (most recent call last):
    ...
TypeError: length must be an integer

>>> base_geo.integer_validator("number", -10)
Traceback (most recent call last):
    ...
ValueError: number must be greater than 0

>>> base_geo = BaseGeometry()
>>> base_geo.area()
Traceback (most recent call last):
    ...
Exception: area() is not implemented

>>> base_geo = BaseGeometry()
>>> base_geo.integer_validator()
Traceback (most recent call last):
    ...
TypeError: integer_validator() missing 2 required positional arguments: 'name' and 'value'

>>> base_geo.integer("age",0)
Traceback (most recent call last):
    ...
AttributeError: 'BaseGeometry' object has no attribute 'integer'